.\gradlew.bat : 
Au caractère Ligne:1 : 59
+ ...  -ErrorAction 
SilentlyContinue; 
.\gradlew.bat test > 
compile.log 2>&1
+                             
        ~~~~~~~~~~~~~~~~~~~~~~
~~~~~~~~~~~~~~~
    + CategoryInfo          : 
    NotSpecified: (:String)   
  [], RemoteException
    + FullyQualifiedErrorId : 
    NativeCommandError
 
FAILURE: Build failed with an 
exception.

* What went wrong:
Could not determine the 
dependencies of task ':test'.
> Could not resolve all 
dependencies for 
configuration 
':testRuntimeClasspath'.
   > Failed to calculate the 
value of task 
':compileTestJava' property 
'javaCompiler'.
      > Cannot find a Java 
installation on your machine 
(Windows 10 10.0 amd64) 
matching: 
{languageVersion=17, 
vendor=any vendor, implementat
ion=vendor-specific, 
nativeImageCapable=false}. 
Toolchain download 
repositories have not been 
configured.

* Try:
> Learn more about toolchain 
auto-detection and 
auto-provisioning at https://d
ocs.gradle.org/9.3.1/userguide
/toolchains.html#sec:auto_dete
ction.
> Learn more about toolchain 
repositories at https://docs.g
radle.org/9.3.1/userguide/tool
chains.html#sub:download_repos
itories.
> Run with --stacktrace 
option to get the stack trace.
> Run with --info or --debug 
option to get more log output.
> Run with --scan to get full 
insights from a Build Scan 
(powered by Develocity).
> Get more help at 
https://help.gradle.org.

BUILD FAILED in 1s
